Version: 58.0 APEX_CODE,DEBUG;APEX_PROFILING,INFO;CALLOUT,INFO;DB,INFO;SYSTEM,DEBUG;VALIDATION,INFO;VISUALFORCE,INFO;WAVE,INFO;WORKFLOW,INFO
09:10:05.0 (498000)|EXECUTION_STARTED
09:10:05.0 (1050000)|CODE_UNIT_STARTED|[EXTERNAL]|CaseTrigger on Case trigger event AfterUpdate for [500xx0000001235]
09:10:05.0 (1200000)|METHOD_ENTRY|[10]|CaseTrigger.CaseTrigger()
09:10:05.0 (1250000)|METHOD_EXIT|[10]|CaseTrigger
09:10:05.0 (1350000)|METHOD_ENTRY|[15]|TriggerHandler.run()
09:10:05.0 (1450000)|METHOD_ENTRY|[22]|CaseHandler.handle()
09:10:05.1 (102000000)|SOQL_EXECUTE_BEGIN|[45]|Aggregations:0|SELECT Id, Status FROM Case WHERE Id IN :caseIds
09:10:05.1 (138000000)|SOQL_EXECUTE_END|[45]|Rows:1
09:10:05.1 (160000000)|METHOD_ENTRY|[88]|RefundService.processRefund()
09:10:05.1 (165000000)|CALLOUT_REQUEST|[92]|System.HttpRequest[Endpoint=https://api.sap.company.com/refunds, Method=POST]
09:10:06.1 (1200000000)|EXCEPTION_THROWN|[92]|System.CalloutException: Read timed out
09:10:06.1 (1205000000)|FATAL_ERROR|System.CalloutException: Read timed out
09:10:06.1 (1210000000)|CODE_UNIT_FINISHED|CaseTrigger on Case trigger event AfterUpdate for [500xx0000001235]
09:10:06.1 (1215000000)|CUMULATIVE_LIMIT_USAGE
09:10:06.1 (1215000001)|LIMIT_USAGE_FOR_NS|(default)|
  Number of SOQL queries: 1 out of 100
  Number of query rows: 1 out of 50000
  Number of SOSL queries: 0 out of 20
  Number of DML statements: 0 out of 150
  Number of DML rows: 0 out of 10000
  Maximum CPU time: 320 out of 10000
  Maximum heap size: 0 out of 6000000
  Number of callouts: 1 out of 100
  Number of Email Invocations: 0 out of 10
  Number of future calls: 0 out of 50
  Number of queueable jobs added to the queue: 0 out of 50
  Number of Mobile Apex push calls: 0 out of 10
09:10:06.1 (1215000002)|CUMULATIVE_LIMIT_USAGE_END
09:10:06.1 (1220000000)|EXECUTION_FINISHED
