Version: 58.0 APEX_CODE,DEBUG;APEX_PROFILING,INFO;CALLOUT,INFO;DB,INFO;SYSTEM,DEBUG;VALIDATION,INFO;VISUALFORCE,INFO;WAVE,INFO;WORKFLOW,INFO
11:30:00.0 (500000)|EXECUTION_STARTED
11:30:00.0 (1000000)|CODE_UNIT_STARTED|[EXTERNAL]|BulkUpdateJob
11:30:00.0 (1200000)|METHOD_ENTRY|[5]|BulkUpdateJob.execute()
11:30:00.1 (100000000)|SOQL_EXECUTE_BEGIN|[10]|Aggregations:0|SELECT Id FROM Account WHERE CreatedDate = TODAY
11:30:00.1 (130000000)|SOQL_EXECUTE_END|[10]|Rows:1000
11:30:00.2 (200000000)|SOQL_EXECUTE_BEGIN|[20]|Aggregations:0|SELECT Id, AccountId FROM Contact WHERE AccountId IN :accountIds
11:30:00.2 (270000000)|SOQL_EXECUTE_END|[20]|Rows:4500
11:30:00.3 (310000000)|SOQL_EXECUTE_BEGIN|[30]|Aggregations:0|SELECT Id, AccountId FROM Opportunity WHERE AccountId IN :accountIds AND StageName != 'Closed Won'
11:30:00.3 (380000000)|SOQL_EXECUTE_END|[30]|Rows:2200
11:30:00.4 (420000000)|DML_BEGIN|[40]|Op:Update|Type:Account|Rows:1000
11:30:00.6 (620000000)|DML_END|[40]
11:30:00.6 (630000000)|DML_BEGIN|[50]|Op:Update|Type:Contact|Rows:4500
11:30:00.8 (820000000)|DML_END|[50]
11:30:00.8 (850000000)|DML_BEGIN|[60]|Op:Update|Type:Opportunity|Rows:2200
11:30:01.0 (1040000000)|DML_END|[60]
11:30:01.0 (1050000000)|METHOD_EXIT|[5]|BulkUpdateJob
11:30:01.0 (1060000000)|CODE_UNIT_FINISHED|BulkUpdateJob
11:30:01.0 (1070000000)|CUMULATIVE_LIMIT_USAGE
11:30:01.0 (1070000001)|LIMIT_USAGE_FOR_NS|(default)|
  Number of SOQL queries: 87 out of 100
  Number of query rows: 47800 out of 50000
  Number of SOSL queries: 0 out of 20
  Number of DML statements: 130 out of 150
  Number of DML rows: 9200 out of 10000
  Maximum CPU time: 8750 out of 10000
  Maximum heap size: 4800000 out of 6000000
  Number of callouts: 0 out of 100
  Number of Email Invocations: 0 out of 10
  Number of future calls: 0 out of 50
  Number of queueable jobs added to the queue: 0 out of 50
  Number of Mobile Apex push calls: 0 out of 10
11:30:01.0 (1070000002)|CUMULATIVE_LIMIT_USAGE_END
11:30:01.0 (1080000000)|EXECUTION_FINISHED
