Version: 58.0 APEX_CODE,DEBUG;APEX_PROFILING,INFO;CALLOUT,INFO;DB,INFO;SYSTEM,DEBUG;VALIDATION,INFO;VISUALFORCE,INFO;WAVE,INFO;WORKFLOW,INFO
08:23:41.0 (517668)|EXECUTION_STARTED
08:23:41.0 (1089432)|CODE_UNIT_STARTED|[EXTERNAL]|execute_anonymous_apex
08:23:41.3 (327456789)|SOQL_EXECUTE_BEGIN|[1]|Aggregations:0|SELECT Id, Name, AccountId FROM Contact WHERE LastName = 'Smith'
08:23:41.3 (389123456)|SOQL_EXECUTE_END|[1]|Rows:3
08:23:41.4 (412345678)|DML_BEGIN|[2]|Op:Update|Type:Contact|Rows:3
08:23:41.5 (498765432)|DML_END|[2]
08:23:41.5 (501234567)|CODE_UNIT_FINISHED|execute_anonymous_apex
08:23:41.5 (502000000)|CUMULATIVE_LIMIT_USAGE
08:23:41.5 (502000001)|LIMIT_USAGE_FOR_NS|(default)|
  Number of SOQL queries: 1 out of 100
  Number of query rows: 3 out of 50000
  Number of SOSL queries: 0 out of 20
  Number of DML statements: 1 out of 150
  Number of DML rows: 3 out of 10000
  Maximum CPU time: 240 out of 10000
  Maximum heap size: 0 out of 6000000
  Number of callouts: 0 out of 100
  Number of Email Invocations: 0 out of 10
  Number of future calls: 0 out of 50
  Number of queueable jobs added to the queue: 0 out of 50
  Number of Mobile Apex push calls: 0 out of 10
08:23:41.5 (502000002)|CUMULATIVE_LIMIT_USAGE_END
08:23:41.5 (503000000)|EXECUTION_FINISHED
