Version: 58.0 APEX_CODE,DEBUG;APEX_PROFILING,INFO;CALLOUT,INFO;DB,INFO;SYSTEM,DEBUG;VALIDATION,INFO;VISUALFORCE,INFO;WAVE,INFO;WORKFLOW,INFO
08:45:12.0 (512000)|EXECUTION_STARTED
08:45:12.0 (1100000)|CODE_UNIT_STARTED|[EXTERNAL]|CaseTrigger on Case trigger event AfterUpdate for [500xx0000001234]
08:45:12.0 (1250000)|METHOD_ENTRY|[10]|CaseTrigger.CaseTrigger()
08:45:12.0 (1300000)|METHOD_EXIT|[10]|CaseTrigger
08:45:12.0 (1400000)|METHOD_ENTRY|[15]|TriggerHandler.run()
08:45:12.0 (1500000)|METHOD_ENTRY|[22]|CaseHandler.handle()
08:45:12.1 (105000000)|SOQL_EXECUTE_BEGIN|[45]|Aggregations:0|SELECT Id, Status, Priority, OwnerId FROM Case WHERE Id IN :caseIds
08:45:12.1 (145000000)|SOQL_EXECUTE_END|[45]|Rows:5
08:45:12.2 (210000000)|SOQL_EXECUTE_BEGIN|[67]|Aggregations:0|SELECT Id, Case__c, Refund_Amount__c FROM Refund__c WHERE Case__c IN :caseIds
08:45:12.2 (245000000)|SOQL_EXECUTE_END|[67]|Rows:5
08:45:12.2 (270000000)|METHOD_ENTRY|[88]|RefundService.processRefund()
08:45:12.2 (280000000)|CALLOUT_REQUEST|[92]|System.HttpRequest[Endpoint=https://api.sap.company.com/refunds, Method=POST]
08:45:12.9 (2650000000)|CALLOUT_RESPONSE|[92]|System.HttpResponse[Status=OK, StatusCode=200]
08:45:12.9 (2660000000)|METHOD_EXIT|[88]|RefundService
08:45:12.9 (2680000000)|DML_BEGIN|[102]|Op:Update|Type:Case|Rows:5
08:45:12.9 (2720000000)|DML_END|[102]
08:45:12.9 (2730000000)|DML_BEGIN|[108]|Op:Insert|Type:Refund__c|Rows:5
08:45:12.9 (2780000000)|DML_END|[108]
08:45:12.9 (2790000000)|METHOD_EXIT|[22]|CaseHandler
08:45:12.9 (2800000000)|METHOD_EXIT|[15]|TriggerHandler
08:45:12.9 (2810000000)|CODE_UNIT_FINISHED|CaseTrigger on Case trigger event AfterUpdate for [500xx0000001234]
08:45:12.9 (2820000000)|CUMULATIVE_LIMIT_USAGE
08:45:12.9 (2820000001)|LIMIT_USAGE_FOR_NS|(default)|
  Number of SOQL queries: 14 out of 100
  Number of query rows: 47 out of 50000
  Number of SOSL queries: 0 out of 20
  Number of DML statements: 7 out of 150
  Number of DML rows: 22 out of 10000
  Maximum CPU time: 1840 out of 10000
  Maximum heap size: 0 out of 6000000
  Number of callouts: 2 out of 100
  Number of Email Invocations: 0 out of 10
  Number of future calls: 0 out of 50
  Number of queueable jobs added to the queue: 0 out of 50
  Number of Mobile Apex push calls: 0 out of 10
08:45:12.9 (2820000002)|CUMULATIVE_LIMIT_USAGE_END
08:45:12.9 (2840000000)|EXECUTION_FINISHED
